
> scraping-platform@0.1.0 build
> turbo run build

node.exe : ΓÇó turbo 2.9.6
At line:1 char:1
+ & "C:\Program Files\nodejs/node.exe" "C:\Users\nguye\AppData\Roaming\ ...
+ ~~~~~~~~~~~~~~~~~~~~~~~~~~~~~~~~~~~~~~~~~~~~~~~~~~~~~~~~~~~~~~~~~~~~~
    + CategoryInfo          : NotSpecified: (ΓÇó turbo 2.9.6:String) [], Remot 
   eException
    + FullyQualifiedErrorId : NativeCommandError
 

   ΓÇó Packages in scope: @scraping-platform/crawler, @scraping-platform/db, @scraping-platform/shared, @scraping-platform/web
   ΓÇó Running build in 4 packages
   ΓÇó Remote caching disabled

@scraping-platform/shared:build: cache hit, replaying logs d6f190bfd53b45bc
@scraping-platform/shared:build: 
@scraping-platform/shared:build: > @scraping-platform/shared@0.1.0 build
@scraping-platform/shared:build: > echo "No build step for shared package"
@scraping-platform/shared:build: 
@scraping-platform/shared:build: "No build step for shared package"
@scraping-platform/db:build: cache hit, replaying logs 42ea5c9f5e5ebc08
@scraping-platform/db:build: 
@scraping-platform/db:build: > @scraping-platform/db@0.1.0 build
@scraping-platform/db:build: > echo "No build step for db package"
@scraping-platform/db:build: 
@scraping-platform/db:build: "No build step for db package"
@scraping-platform/web:build: cache miss, executing 455dd8614e8703ce
@scraping-platform/crawler:build: cache hit, replaying logs 386dd0d828dc0971
@scraping-platform/crawler:build: 
@scraping-platform/crawler:build: > @scraping-platform/crawler@0.1.0 build
@scraping-platform/crawler:build: > tsc
@scraping-platform/crawler:build: 
@scraping-platform/web:build: 
@scraping-platform/web:build: > @scraping-platform/web@0.1.0 build
@scraping-platform/web:build: > next build
@scraping-platform/web:build: 
@scraping-platform/web:build: Γû▓ Next.js 16.2.4 (Turbopack)
@scraping-platform/web:build: 
@scraping-platform/web:build:   Creating an optimized production build ...
@scraping-platform/web:build: Γ£ô Compiled successfully in 6.4s
@scraping-platform/web:build:   Running TypeScript ...
@scraping-platform/web:build: Failed to type check.
@scraping-platform/web:build: 
@scraping-platform/web:build: ./app/api/accounts/route.ts:57:29
@scraping-platform/web:build: Type error: Namespace '"D:/workspace/craping_play/craping_platform/my-crawler/node_modules/.prisma/client/default".Prisma' has no exported member 'InputJsonValue'.
@scraping-platform/web:build: 
@scraping-platform/web:build:   [90m55 |[0m     }
@scraping-platform/web:build:   [90m56 |[0m
@scraping-platform/web:build: [31m[1m>[0m [90m57 |[0m     [36mlet[0m sessionData: [33mPrisma[0m.[33mInputJsonValue[0m;
@scraping-platform/web:build:   [90m   |[0m                             [31m[1m^[0m
@scraping-platform/web:build:   [90m58 |[0m     [36mtry[0m {
@scraping-platform/web:build:   [90m59 |[0m       sessionData = [33mJSON[0m.parse(sessionDataRaw) [36mas[0m [33mPrisma[0m.[33mInputJsonValue[0m;
@scraping-platform/web:build:   [90m60 |[0m     } [36mcatch[0m {
@scraping-platform/web:build: Next.js build worker exited with code: 1 and signal: null
@scraping-platform/web:build: npm error Lifecycle script `build` failed with error:
@scraping-platform/web:build: npm error code 1
@scraping-platform/web:build: npm error path D:\workspace\craping_play\craping_platform\my-crawler\apps\web
@scraping-platform/web:build: npm error workspace @scraping-platform/web@0.1.0
@scraping-platform/web:build: npm error location D:\workspace\craping_play\craping_platform\my-crawler\apps\web
@scraping-platform/web:build: npm error command failed
@scraping-platform/web:build: npm error command C:\WINDOWS\system32\cmd.exe /d /s /c next build
 ERROR  @scraping-platform/web#build: command 
(D:\workspace\craping_play\craping_platform\my-crawler\apps\web) C:\Program 
Files\nodejs\npm.cmd run build exited (1)

 Tasks:    3 successful, 4 total
Cached:    3 cached, 4 total
  Time:    16.821s 
Failed:    @scraping-platform/web#build

 ERROR  run failed: command  exited (1)
